=== lucene buggy precompile ===
2026-06-19T17:30:29+08:00
repo: sources/lucene-solr-buggy
commit: 72537fd2cd8caf1d85c0ec0ffac52b167f6982b2
command: HOME="$LAB_HOME" ANT_OPTS="-Duser.home=$LAB_HOME" ant compile-test
Buildfile: /home/amadeus/ICS/locklab-ChrisTinaAmadeus/sources/lucene-solr-buggy/lucene/core/build.xml

-check-git-state:

-git-cleanroot:

-copy-git-state:

git-autoclean:

ivy-availability-check:

ivy-fail:

ivy-configure:
[ivy:configure] :: Apache Ivy 2.3.0 - 20130110142753 :: http://ant.apache.org/ivy/ ::
[ivy:configure] :: loading settings :: file = /home/amadeus/ICS/locklab-ChrisTinaAmadeus/sources/lucene-solr-buggy/lucene/top-level-ivy-settings.xml

resolve:

init:

-clover.disable:

-clover.load:

-clover.classpath:

-clover.setup:

clover:

compile-core:
    [mkdir] Created dir: /home/amadeus/ICS/locklab-ChrisTinaAmadeus/sources/lucene-solr-buggy/lucene/build/core/classes/java
    [javac] Compiling 792 source files to /home/amadeus/ICS/locklab-ChrisTinaAmadeus/sources/lucene-solr-buggy/lucene/build/core/classes/java
    [javac] Note: Some input files use or override a deprecated API.
    [javac] Note: Recompile with -Xlint:deprecation for details.
    [javac] Creating empty /home/amadeus/ICS/locklab-ChrisTinaAmadeus/sources/lucene-solr-buggy/lucene/build/core/classes/java/org/apache/lucene/document/package-info.class
    [javac] Creating empty /home/amadeus/ICS/locklab-ChrisTinaAmadeus/sources/lucene-solr-buggy/lucene/build/core/classes/java/org/apache/lucene/package-info.class
    [javac] Creating empty /home/amadeus/ICS/locklab-ChrisTinaAmadeus/sources/lucene-solr-buggy/lucene/build/core/classes/java/org/apache/lucene/util/bkd/package-info.class
    [javac] Creating empty /home/amadeus/ICS/locklab-ChrisTinaAmadeus/sources/lucene-solr-buggy/lucene/build/core/classes/java/org/apache/lucene/codecs/compressing/package-info.class
    [javac] Creating empty /home/amadeus/ICS/locklab-ChrisTinaAmadeus/sources/lucene-solr-buggy/lucene/build/core/classes/java/org/apache/lucene/codecs/lucene60/package-info.class
    [javac] Creating empty /home/amadeus/ICS/locklab-ChrisTinaAmadeus/sources/lucene-solr-buggy/lucene/build/core/classes/java/org/apache/lucene/codecs/package-info.class
    [javac] Creating empty /home/amadeus/ICS/locklab-ChrisTinaAmadeus/sources/lucene-solr-buggy/lucene/build/core/classes/java/org/apache/lucene/util/package-info.class
    [javac] Creating empty /home/amadeus/ICS/locklab-ChrisTinaAmadeus/sources/lucene-solr-buggy/lucene/build/core/classes/java/org/apache/lucene/index/package-info.class
    [javac] Creating empty /home/amadeus/ICS/locklab-ChrisTinaAmadeus/sources/lucene-solr-buggy/lucene/build/core/classes/java/org/apache/lucene/util/fst/package-info.class
    [javac] Creating empty /home/amadeus/ICS/locklab-ChrisTinaAmadeus/sources/lucene-solr-buggy/lucene/build/core/classes/java/org/apache/lucene/analysis/tokenattributes/package-info.class
    [javac] Creating empty /home/amadeus/ICS/locklab-ChrisTinaAmadeus/sources/lucene-solr-buggy/lucene/build/core/classes/java/org/apache/lucene/search/package-info.class
    [javac] Creating empty /home/amadeus/ICS/locklab-ChrisTinaAmadeus/sources/lucene-solr-buggy/lucene/build/core/classes/java/org/apache/lucene/codecs/lucene62/package-info.class
    [javac] Creating empty /home/amadeus/ICS/locklab-ChrisTinaAmadeus/sources/lucene-solr-buggy/lucene/build/core/classes/java/org/apache/lucene/util/packed/package-info.class
    [javac] Creating empty /home/amadeus/ICS/locklab-ChrisTinaAmadeus/sources/lucene-solr-buggy/lucene/build/core/classes/java/org/apache/lucene/util/mutable/package-info.class
    [javac] Creating empty /home/amadeus/ICS/locklab-ChrisTinaAmadeus/sources/lucene-solr-buggy/lucene/build/core/classes/java/org/apache/lucene/codecs/perfield/package-info.class
    [javac] Creating empty /home/amadeus/ICS/locklab-ChrisTinaAmadeus/sources/lucene-solr-buggy/lucene/build/core/classes/java/org/apache/lucene/analysis/package-info.class
    [javac] Creating empty /home/amadeus/ICS/locklab-ChrisTinaAmadeus/sources/lucene-solr-buggy/lucene/build/core/classes/java/org/apache/lucene/analysis/standard/package-info.class
    [javac] Creating empty /home/amadeus/ICS/locklab-ChrisTinaAmadeus/sources/lucene-solr-buggy/lucene/build/core/classes/java/org/apache/lucene/store/package-info.class
    [javac] Creating empty /home/amadeus/ICS/locklab-ChrisTinaAmadeus/sources/lucene-solr-buggy/lucene/build/core/classes/java/org/apache/lucene/codecs/blocktree/package-info.class
    [javac] Creating empty /home/amadeus/ICS/locklab-ChrisTinaAmadeus/sources/lucene-solr-buggy/lucene/build/core/classes/java/org/apache/lucene/search/spans/package-info.class
    [javac] Creating empty /home/amadeus/ICS/locklab-ChrisTinaAmadeus/sources/lucene-solr-buggy/lucene/build/core/classes/java/org/apache/lucene/codecs/lucene54/package-info.class
    [javac] Creating empty /home/amadeus/ICS/locklab-ChrisTinaAmadeus/sources/lucene-solr-buggy/lucene/build/core/classes/java/org/apache/lucene/search/similarities/package-info.class
    [javac] Creating empty /home/amadeus/ICS/locklab-ChrisTinaAmadeus/sources/lucene-solr-buggy/lucene/build/core/classes/java/org/apache/lucene/util/automaton/package-info.class
    [javac] Creating empty /home/amadeus/ICS/locklab-ChrisTinaAmadeus/sources/lucene-solr-buggy/lucene/build/core/classes/java/org/apache/lucene/codecs/lucene53/package-info.class
    [javac] Creating empty /home/amadeus/ICS/locklab-ChrisTinaAmadeus/sources/lucene-solr-buggy/lucene/build/core/classes/java/org/apache/lucene/codecs/lucene50/package-info.class
    [javac] Creating empty /home/amadeus/ICS/locklab-ChrisTinaAmadeus/sources/lucene-solr-buggy/lucene/build/core/classes/java/org/apache/lucene/geo/package-info.class
     [copy] Copying 3 files to /home/amadeus/ICS/locklab-ChrisTinaAmadeus/sources/lucene-solr-buggy/lucene/build/core/classes/java

compile-test-framework:

-check-git-state:

-git-cleanroot:

-copy-git-state:

git-autoclean:

ivy-availability-check:

ivy-fail:

ivy-configure:
[ivy:configure] :: loading settings :: file = /home/amadeus/ICS/locklab-ChrisTinaAmadeus/sources/lucene-solr-buggy/lucene/top-level-ivy-settings.xml

resolve:

init:

compile-lucene-core:

-check-git-state:

-git-cleanroot:

-copy-git-state:

git-autoclean:

ivy-availability-check:

ivy-fail:

ivy-configure:
[ivy:configure] :: loading settings :: file = /home/amadeus/ICS/locklab-ChrisTinaAmadeus/sources/lucene-solr-buggy/lucene/top-level-ivy-settings.xml

resolve:

init:

-clover.disable:

-clover.load:

-clover.classpath:

-clover.setup:

clover:

compile-core:

compile-codecs:

-check-git-state:

-git-cleanroot:

-copy-git-state:

git-autoclean:

ivy-availability-check:

ivy-fail:

ivy-configure:
[ivy:configure] :: loading settings :: file = /home/amadeus/ICS/locklab-ChrisTinaAmadeus/sources/lucene-solr-buggy/lucene/top-level-ivy-settings.xml

resolve:

common.init:

compile-lucene-core:

init:

-clover.disable:

-clover.load:

-clover.classpath:

-clover.setup:

clover:

compile-core:
    [mkdir] Created dir: /home/amadeus/ICS/locklab-ChrisTinaAmadeus/sources/lucene-solr-buggy/lucene/build/codecs/classes/java
    [javac] Compiling 67 source files to /home/amadeus/ICS/locklab-ChrisTinaAmadeus/sources/lucene-solr-buggy/lucene/build/codecs/classes/java
    [javac] Creating empty /home/amadeus/ICS/locklab-ChrisTinaAmadeus/sources/lucene-solr-buggy/lucene/build/codecs/classes/java/org/apache/lucene/codecs/bloom/package-info.class
    [javac] Creating empty /home/amadeus/ICS/locklab-ChrisTinaAmadeus/sources/lucene-solr-buggy/lucene/build/codecs/classes/java/org/apache/lucene/codecs/memory/package-info.class
    [javac] Creating empty /home/amadeus/ICS/locklab-ChrisTinaAmadeus/sources/lucene-solr-buggy/lucene/build/codecs/classes/java/org/apache/lucene/codecs/simpletext/package-info.class
    [javac] Creating empty /home/amadeus/ICS/locklab-ChrisTinaAmadeus/sources/lucene-solr-buggy/lucene/build/codecs/classes/java/org/apache/lucene/codecs/blockterms/package-info.class
    [javac] Creating empty /home/amadeus/ICS/locklab-ChrisTinaAmadeus/sources/lucene-solr-buggy/lucene/build/codecs/classes/java/org/apache/lucene/codecs/blocktreeords/package-info.class
     [copy] Copying 3 files to /home/amadeus/ICS/locklab-ChrisTinaAmadeus/sources/lucene-solr-buggy/lucene/build/codecs/classes/java

-clover.disable:

-clover.load:

-clover.classpath:

-clover.setup:

clover:

common.compile-core:
    [mkdir] Created dir: /home/amadeus/ICS/locklab-ChrisTinaAmadeus/sources/lucene-solr-buggy/lucene/build/test-framework/classes/java
    [javac] Compiling 185 source files to /home/amadeus/ICS/locklab-ChrisTinaAmadeus/sources/lucene-solr-buggy/lucene/build/test-framework/classes/java
    [javac] Note: Some input files use or override a deprecated API.
    [javac] Note: Recompile with -Xlint:deprecation for details.
    [javac] Creating empty /home/amadeus/ICS/locklab-ChrisTinaAmadeus/sources/lucene-solr-buggy/lucene/build/test-framework/classes/java/org/apache/lucene/codecs/asserting/package-info.class
    [javac] Creating empty /home/amadeus/ICS/locklab-ChrisTinaAmadeus/sources/lucene-solr-buggy/lucene/build/test-framework/classes/java/org/apache/lucene/codecs/ramonly/package-info.class
    [javac] Creating empty /home/amadeus/ICS/locklab-ChrisTinaAmadeus/sources/lucene-solr-buggy/lucene/build/test-framework/classes/java/org/apache/lucene/mockfile/package-info.class
    [javac] Creating empty /home/amadeus/ICS/locklab-ChrisTinaAmadeus/sources/lucene-solr-buggy/lucene/build/test-framework/classes/java/org/apache/lucene/codecs/cheapbastard/package-info.class
    [javac] Creating empty /home/amadeus/ICS/locklab-ChrisTinaAmadeus/sources/lucene-solr-buggy/lucene/build/test-framework/classes/java/org/apache/lucene/codecs/mockrandom/package-info.class
    [javac] Creating empty /home/amadeus/ICS/locklab-ChrisTinaAmadeus/sources/lucene-solr-buggy/lucene/build/test-framework/classes/java/org/apache/lucene/codecs/cranky/package-info.class
    [javac] Creating empty /home/amadeus/ICS/locklab-ChrisTinaAmadeus/sources/lucene-solr-buggy/lucene/build/test-framework/classes/java/org/apache/lucene/codecs/compressing/dummy/package-info.class
     [copy] Copying 4 files to /home/amadeus/ICS/locklab-ChrisTinaAmadeus/sources/lucene-solr-buggy/lucene/build/test-framework/classes/java

compile-core:

compile-test:
    [mkdir] Created dir: /home/amadeus/ICS/locklab-ChrisTinaAmadeus/sources/lucene-solr-buggy/lucene/build/core/classes/test
    [javac] Compiling 449 source files to /home/amadeus/ICS/locklab-ChrisTinaAmadeus/sources/lucene-solr-buggy/lucene/build/core/classes/test
    [javac] Note: Some input files use or override a deprecated API.
    [javac] Note: Recompile with -Xlint:deprecation for details.
     [copy] Copying 3 files to /home/amadeus/ICS/locklab-ChrisTinaAmadeus/sources/lucene-solr-buggy/lucene/build/core/classes/test

BUILD SUCCESSFUL
Total time: 5 seconds
exit_code=0
